Context: ContextFoo
context-kubeconf: ContextFoo_ephemeral
manifest: Manifest_ContextFoo

LocationOfOrigin: ""
cluster: dummycluster_ephemeral
namespace: dummy_namespace
user: dummy_user

