Context: ContextBar
context-kubeconf: ContextBar_ephemeral
manifest: Manifest_ContextBar

LocationOfOrigin: ""
cluster: dummycluster_ephemeral
namespace: dummy_namespace
user: dummy_user

Context: ContextBaz
context-kubeconf: ContextBaz_ephemeral
manifest: Manifest_ContextBaz

LocationOfOrigin: ""
cluster: dummycluster_ephemeral
namespace: dummy_namespace
user: dummy_user

Context: ContextFoo
context-kubeconf: ContextFoo_ephemeral
manifest: Manifest_ContextFoo

LocationOfOrigin: ""
cluster: dummycluster_ephemeral
namespace: dummy_namespace
user: dummy_user

