Context: ContextBaz
context-kubeconf: ContextBaz_ephemeral
manifest: Manifest_ContextBaz

LocationOfOrigin: ""
cluster: dummycluster_ephemeral
namespace: dummy_namespace
user: dummy_user

